// Jest Snapshot v1, https://goo.gl/fbAQLP

exports[`Pruebas en <Navbar/> debe mostrarse correctamente 1`] = `
<nav
  className="bg-gray-800"
>
  <div
    className="px-2 mx-auto max-w-8xl sm:px-6 lg:px-8"
  >
    <div
      className="relative flex items-center justify-between h-16"
    >
      <div
        className="absolute inset-y-0 left-0 flex items-center sm:hidden"
      >
        <button
          aria-controls="mobile-menu"
          aria-expanded="false"
          className="inline-flex items-center justify-center p-2 text-gray-400 rounded-md hover:text-white hover:bg-gray-700 focus:outline-none focus:ring-2 focus:ring-inset focus:ring-white"
          type="button"
        />
      </div>
      <div
        className="flex items-center justify-center flex-1 sm:items-stretch sm:justify-start"
      >
        <div
          className="flex items-center flex-shrink-0"
        />
        <div
          className="hidden sm:block sm:ml-6"
        >
          <div
            className="flex space-x-4"
          >
            <a
              aria-current={null}
              className="px-3 py-2 text-sm font-medium text-white rounded-md"
              onClick={[Function]}
            >
              HeroesApp
            </a>
            <a
              aria-current={null}
              className="px-3 py-2 text-sm font-medium text-gray-300 rounded-md hover:bg-gray-700 hover:text-white"
              onClick={[Function]}
            >
              Marvel
            </a>
            <a
              aria-current={null}
              className="px-3 py-2 text-sm font-medium text-gray-300 rounded-md hover:bg-gray-700 hover:text-white"
              onClick={[Function]}
            >
              DC
            </a>
            <a
              aria-current={null}
              className="px-3 py-2 text-sm font-medium text-gray-300 rounded-md hover:bg-gray-700 hover:text-white"
              onClick={[Function]}
            >
              Search
            </a>
          </div>
        </div>
      </div>
      <div
        className="absolute inset-y-0 right-0 flex items-center pr-2 sm:static sm:inset-auto sm:ml-6 sm:pr-0"
      >
        <p
          className="mx-2 font-bold text-white text-info"
        >
          MaximoProg
        </p>
        <button
          className="px-3 py-2 font-bold text-white duration-75 ease-out delay-75 transform scale-100 bg-green-600 rounded-full active:scale-75 active:bg-green-800 "
          onClick={[Function]}
        >
          Logout
        </button>
      </div>
    </div>
  </div>
  <div
    className="sm:hidden "
    id="mobile-menu"
  >
    <div
      className="px-2 pt-2 pb-3 space-y-1"
    >
      <a
        aria-current={null}
        className="block px-3 py-2 text-base font-medium text-white rounded-md"
        onClick={[Function]}
      >
        HeroesApp
      </a>
      <a
        aria-current={null}
        className="block px-3 py-2 text-base font-medium text-gray-300 rounded-md hover:bg-gray-700 hover:text-white"
        onClick={[Function]}
      >
        Marvel
      </a>
      <a
        aria-current={null}
        className="block px-3 py-2 text-base font-medium text-gray-300 rounded-md hover:bg-gray-700 hover:text-white"
        onClick={[Function]}
      >
        DC
      </a>
      <a
        aria-current={null}
        className="block px-3 py-2 text-base font-medium text-gray-300 rounded-md hover:bg-gray-700 hover:text-white"
        onClick={[Function]}
      >
        Search
      </a>
    </div>
  </div>
</nav>
`;
