// Jest Snapshot v1, https://goo.gl/fbAQLP

exports[`Pruebas en <DashBoardRoutes/> debe mostrarse correctamente el componente 1`] = `
<div
  className=""
>
  <nav
    className="bg-gray-800"
  >
    <div
      className="px-2 mx-auto max-w-8xl sm:px-6 lg:px-8"
    >
      <div
        className="relative flex items-center justify-between h-16"
      >
        <div
          className="absolute inset-y-0 left-0 flex items-center sm:hidden"
        >
          <button
            aria-controls="mobile-menu"
            aria-expanded="false"
            className="inline-flex items-center justify-center p-2 text-gray-400 rounded-md hover:text-white hover:bg-gray-700 focus:outline-none focus:ring-2 focus:ring-inset focus:ring-white"
            type="button"
          />
        </div>
        <div
          className="flex items-center justify-center flex-1 sm:items-stretch sm:justify-start"
        >
          <div
            className="flex items-center flex-shrink-0"
          />
          <div
            className="hidden sm:block sm:ml-6"
          >
            <div
              className="flex space-x-4"
            >
              <a
                aria-current="page"
                className="px-3 py-2 text-sm font-medium text-white rounded-md active"
                href="/"
                onClick={[Function]}
                style={Object {}}
              >
                HeroesApp
              </a>
              <a
                aria-current="page"
                className="px-3 py-2 text-sm font-medium text-gray-300 rounded-md hover:bg-gray-700 hover:text-white bg-gray-900"
                href="/marvel"
                onClick={[Function]}
                style={Object {}}
              >
                Marvel
              </a>
              <a
                aria-current={null}
                className="px-3 py-2 text-sm font-medium text-gray-300 rounded-md hover:bg-gray-700 hover:text-white"
                href="/dc"
                onClick={[Function]}
              >
                DC
              </a>
              <a
                aria-current={null}
                className="px-3 py-2 text-sm font-medium text-gray-300 rounded-md hover:bg-gray-700 hover:text-white"
                href="/search"
                onClick={[Function]}
              >
                Search
              </a>
            </div>
          </div>
        </div>
        <div
          className="absolute inset-y-0 right-0 flex items-center pr-2 sm:static sm:inset-auto sm:ml-6 sm:pr-0"
        >
          <p
            className="mx-2 font-bold text-white"
          >
            MaximoProg
          </p>
          <button
            className="px-3 py-2 font-bold text-white duration-75 ease-out delay-75 transform scale-100 bg-green-600 rounded-full active:scale-75 active:bg-green-800 "
            onClick={[Function]}
          >
            Logout
          </button>
        </div>
      </div>
    </div>
    <div
      className="sm:hidden "
      id="mobile-menu"
    >
      <div
        className="px-2 pt-2 pb-3 space-y-1"
      >
        <a
          aria-current="page"
          className="block px-3 py-2 text-base font-medium text-white rounded-md active"
          href="/"
          onClick={[Function]}
          style={Object {}}
        >
          HeroesApp
        </a>
        <a
          aria-current="page"
          className="block px-3 py-2 text-base font-medium text-gray-300 rounded-md hover:bg-gray-700 hover:text-white bg-gray-900"
          href="/marvel"
          onClick={[Function]}
          style={Object {}}
        >
          Marvel
        </a>
        <a
          aria-current={null}
          className="block px-3 py-2 text-base font-medium text-gray-300 rounded-md hover:bg-gray-700 hover:text-white"
          href="/dc"
          onClick={[Function]}
        >
          DC
        </a>
        <a
          aria-current={null}
          className="block px-3 py-2 text-base font-medium text-gray-300 rounded-md hover:bg-gray-700 hover:text-white"
          href="/search"
          onClick={[Function]}
        >
          Search
        </a>
      </div>
    </div>
  </nav>
  <div
    className="text-white bg-heroBlack bg-"
  >
    <div
      className=""
      data-testid="MarvelScreen"
    >
      <div
        className="w-11/12 mx-auto my-8 lg:w-9/12"
      >
        <div
          className="p-5 rounded-xl lg:p-14 bg-heroBlackSecondary"
        >
          <div
            className="p-1 my-2 text-4xl font-bold text-center sm:text-left"
            data-testid="Title"
          >
            Marvel
          </div>
          <div
            className="grid grid-cols-1 grid-rows-1 gap-6 md:grid-cols-3 lg:grid-cols-3"
          >
            <a
              className="inline-flex flex-wrap overflow-hidden bg-gray-100 shadow-lg rounded-xl"
              data-testid="HeroCard"
              href="/hero/marvel-spider"
              onClick={[Function]}
            >
              <img
                alt="marvel-spider"
                className="object-cover w-full rounded-b-none rounded-xl h-96 card-heroe-filter"
                loading="lazy"
                src="/assets/heroes/marvel-spider.jpg"
              />
              <div
                className="block w-full px-3 py-2 text-lg font-bold text-center text-white duration-300 ease-in-out delay-75 transform bg-black"
              >
                Spider Man
              </div>
            </a>
            <a
              className="inline-flex flex-wrap overflow-hidden bg-gray-100 shadow-lg rounded-xl"
              data-testid="HeroCard"
              href="/hero/marvel-captain"
              onClick={[Function]}
            >
              <img
                alt="marvel-captain"
                className="object-cover w-full rounded-b-none rounded-xl h-96 card-heroe-filter"
                loading="lazy"
                src="/assets/heroes/marvel-captain.jpg"
              />
              <div
                className="block w-full px-3 py-2 text-lg font-bold text-center text-white duration-300 ease-in-out delay-75 transform bg-black"
              >
                Captain America
              </div>
            </a>
            <a
              className="inline-flex flex-wrap overflow-hidden bg-gray-100 shadow-lg rounded-xl"
              data-testid="HeroCard"
              href="/hero/marvel-iron"
              onClick={[Function]}
            >
              <img
                alt="marvel-iron"
                className="object-cover w-full rounded-b-none rounded-xl h-96 card-heroe-filter"
                loading="lazy"
                src="/assets/heroes/marvel-iron.jpg"
              />
              <div
                className="block w-full px-3 py-2 text-lg font-bold text-center text-white duration-300 ease-in-out delay-75 transform bg-black"
              >
                Iron Man
              </div>
            </a>
            <a
              className="inline-flex flex-wrap overflow-hidden bg-gray-100 shadow-lg rounded-xl"
              data-testid="HeroCard"
              href="/hero/marvel-thor"
              onClick={[Function]}
            >
              <img
                alt="marvel-thor"
                className="object-cover w-full rounded-b-none rounded-xl h-96 card-heroe-filter"
                loading="lazy"
                src="/assets/heroes/marvel-thor.jpg"
              />
              <div
                className="block w-full px-3 py-2 text-lg font-bold text-center text-white duration-300 ease-in-out delay-75 transform bg-black"
              >
                Thor
              </div>
            </a>
            <a
              className="inline-flex flex-wrap overflow-hidden bg-gray-100 shadow-lg rounded-xl"
              data-testid="HeroCard"
              href="/hero/marvel-hulk"
              onClick={[Function]}
            >
              <img
                alt="marvel-hulk"
                className="object-cover w-full rounded-b-none rounded-xl h-96 card-heroe-filter"
                loading="lazy"
                src="/assets/heroes/marvel-hulk.jpg"
              />
              <div
                className="block w-full px-3 py-2 text-lg font-bold text-center text-white duration-300 ease-in-out delay-75 transform bg-black"
              >
                Hulk
              </div>
            </a>
            <a
              className="inline-flex flex-wrap overflow-hidden bg-gray-100 shadow-lg rounded-xl"
              data-testid="HeroCard"
              href="/hero/marvel-wolverine"
              onClick={[Function]}
            >
              <img
                alt="marvel-wolverine"
                className="object-cover w-full rounded-b-none rounded-xl h-96 card-heroe-filter"
                loading="lazy"
                src="/assets/heroes/marvel-wolverine.jpg"
              />
              <div
                className="block w-full px-3 py-2 text-lg font-bold text-center text-white duration-300 ease-in-out delay-75 transform bg-black"
              >
                Wolverine
              </div>
            </a>
            <a
              className="inline-flex flex-wrap overflow-hidden bg-gray-100 shadow-lg rounded-xl"
              data-testid="HeroCard"
              href="/hero/marvel-daredevil"
              onClick={[Function]}
            >
              <img
                alt="marvel-daredevil"
                className="object-cover w-full rounded-b-none rounded-xl h-96 card-heroe-filter"
                loading="lazy"
                src="/assets/heroes/marvel-daredevil.jpg"
              />
              <div
                className="block w-full px-3 py-2 text-lg font-bold text-center text-white duration-300 ease-in-out delay-75 transform bg-black"
              >
                Daredevil
              </div>
            </a>
            <a
              className="inline-flex flex-wrap overflow-hidden bg-gray-100 shadow-lg rounded-xl"
              data-testid="HeroCard"
              href="/hero/marvel-hawkeye"
              onClick={[Function]}
            >
              <img
                alt="marvel-hawkeye"
                className="object-cover w-full rounded-b-none rounded-xl h-96 card-heroe-filter"
                loading="lazy"
                src="/assets/heroes/marvel-hawkeye.jpg"
              />
              <div
                className="block w-full px-3 py-2 text-lg font-bold text-center text-white duration-300 ease-in-out delay-75 transform bg-black"
              >
                Hawkeye
              </div>
            </a>
            <a
              className="inline-flex flex-wrap overflow-hidden bg-gray-100 shadow-lg rounded-xl"
              data-testid="HeroCard"
              href="/hero/marvel-cyclops"
              onClick={[Function]}
            >
              <img
                alt="marvel-cyclops"
                className="object-cover w-full rounded-b-none rounded-xl h-96 card-heroe-filter"
                loading="lazy"
                src="/assets/heroes/marvel-cyclops.jpg"
              />
              <div
                className="block w-full px-3 py-2 text-lg font-bold text-center text-white duration-300 ease-in-out delay-75 transform bg-black"
              >
                Cyclops
              </div>
            </a>
            <a
              className="inline-flex flex-wrap overflow-hidden bg-gray-100 shadow-lg rounded-xl"
              data-testid="HeroCard"
              href="/hero/marvel-silver"
              onClick={[Function]}
            >
              <img
                alt="marvel-silver"
                className="object-cover w-full rounded-b-none rounded-xl h-96 card-heroe-filter"
                loading="lazy"
                src="/assets/heroes/marvel-silver.jpg"
              />
              <div
                className="block w-full px-3 py-2 text-lg font-bold text-center text-white duration-300 ease-in-out delay-75 transform bg-black"
              >
                Silver Surfer
              </div>
            </a>
          </div>
        </div>
      </div>
    </div>
  </div>
</div>
`;
